// Jest Snapshot v1, https://goo.gl/fbAQLP

exports[`'<Counter /> matches snapshot 1`] = `
<div>
  <div>
    <h2>
      0
    </h2>
    <div>
      <button>
        +1
      </button>
    </div>
    <div>
      <button>
        -1
      </button>
    </div>
  </div>
</div>
`;
